// Vitest Snapshot v1

exports[`Verzekering.vue > Should render correctly 1`] = `
<h2
  class="mt-5"
>
  Verzekering
</h2>
`;
