// Vitest Snapshot v1

exports[`Controle.vue > Should render correctly 1`] = `
<div
  data-v-app=""
>
  
  <h2
    class="mt-5"
  >
    Controleren
  </h2>
  <div
    class="form-group"
  >
    <h3>
      Gekozen pakket
    </h3>
  </div>
  <div
    class="form-group"
  >
    <h3>
      Totaalpremie
    </h3>
  </div>
  <div
    class="form-group"
  >
    <h3>
      Adres en contactgegevens
    </h3>
  </div>
  
</div>
`;
